\BOOKMARK [1][-]{section.1}{\376\377\000I\000n\000t\000r\000o\000d\000u\000c\000t\000i\000o\000n}{}% 1
\BOOKMARK [1][-]{section.2}{\376\377\000R\000e\000l\000a\000t\000e\000d\000\040\000W\000o\000r\000k}{}% 2
\BOOKMARK [2][-]{subsection.2.1}{\376\377\000V\000i\000s\000u\000a\000l\000\040\000V\000e\000h\000i\000c\000l\000e\000\040\000C\000o\000u\000n\000t\000i\000n\000g\000\040\000U\000n\000d\000e\000r\000\040\000D\000e\000n\000s\000e\000\040\000T\000r\000a\000f\000f\000i\000c}{section.2}% 3
\BOOKMARK [2][-]{subsection.2.2}{\376\377\000S\000p\000a\000t\000i\000o\000-\000T\000e\000m\000p\000o\000r\000a\000l\000\040\000T\000r\000a\000f\000f\000i\000c\000\040\000F\000l\000o\000w\000\040\000F\000o\000r\000e\000c\000a\000s\000t\000i\000n\000g}{section.2}% 4
\BOOKMARK [2][-]{subsection.2.3}{\376\377\000H\000y\000b\000r\000i\000d\000\040\000A\000r\000c\000h\000i\000t\000e\000c\000t\000u\000r\000e\000s\000\040\000a\000n\000d\000\040\000A\000d\000a\000p\000t\000i\000v\000e\000\040\000G\000r\000a\000p\000h\000s}{section.2}% 5
\BOOKMARK [2][-]{subsection.2.4}{\376\377\000C\000o\000m\000m\000e\000r\000c\000i\000a\000l\000\040\000S\000y\000s\000t\000e\000m\000s\000\040\000a\000n\000d\000\040\000C\000a\000m\000e\000r\000a\000-\000B\000a\000s\000e\000d\000\040\000I\000n\000f\000r\000a\000s\000t\000r\000u\000c\000t\000u\000r\000e}{section.2}% 6
\BOOKMARK [2][-]{subsection.2.5}{\376\377\000T\000h\000e\000\040\000K\000e\000y\000\040\000C\000h\000a\000l\000l\000e\000n\000g\000e\000:\000\040\000M\000i\000x\000e\000d\000,\000\040\000M\000o\000t\000o\000r\000c\000y\000c\000l\000e\000-\000D\000o\000m\000i\000n\000a\000n\000t\000\040\000T\000r\000a\000f\000f\000i\000c}{section.2}% 7
\BOOKMARK [1][-]{section.3}{\376\377\000P\000r\000o\000p\000o\000s\000e\000d\000\040\000M\000e\000t\000h\000o\000d\000o\000l\000o\000g\000y}{}% 8
\BOOKMARK [2][-]{subsection.3.1}{\376\377\000S\000t\000a\000g\000e\000\040\0001\000:\000\040\000V\000e\000h\000i\000c\000l\000e\000\040\000C\000o\000u\000n\000t\000i\000n\000g}{section.3}% 9
\BOOKMARK [3][-]{subsubsection.3.1.1}{\376\377\000R\000e\000s\000N\000e\000t\000-\0005\0000\000\040\000B\000a\000s\000e\000l\000i\000n\000e\000\040\000B\000a\000c\000k\000b\000o\000n\000e}{subsection.3.1}% 10
\BOOKMARK [3][-]{subsubsection.3.1.2}{\376\377\000E\000f\000f\000i\000c\000i\000e\000n\000t\000N\000e\000t\000-\000B\0005\000\040\000B\000a\000c\000k\000b\000o\000n\000e}{subsection.3.1}% 11
\BOOKMARK [3][-]{subsubsection.3.1.3}{\376\377\000V\000i\000T\000-\000B\000a\000s\000e\000/\0001\0006\000\040\000B\000a\000c\000k\000b\000o\000n\000e}{subsection.3.1}% 12
\BOOKMARK [3][-]{subsubsection.3.1.4}{\376\377\000C\000o\000n\000v\000N\000e\000X\000t\000-\000T\000i\000n\000y\000\040\000B\000a\000c\000k\000b\000o\000n\000e}{subsection.3.1}% 13
\BOOKMARK [3][-]{subsubsection.3.1.5}{\376\377\000M\000o\000b\000i\000l\000e\000N\000e\000t\000-\000V\0003\000\040\000B\000a\000c\000k\000b\000o\000n\000e}{subsection.3.1}% 14
\BOOKMARK [3][-]{subsubsection.3.1.6}{\376\377\000U\000n\000i\000f\000i\000e\000d\000\040\000M\000L\000P\000\040\000R\000e\000g\000r\000e\000s\000s\000i\000o\000n\000\040\000H\000e\000a\000d}{subsection.3.1}% 15
\BOOKMARK [3][-]{subsubsection.3.1.7}{\376\377\000O\000b\000j\000e\000c\000t\000i\000v\000e\000\040\000F\000u\000n\000c\000t\000i\000o\000n}{subsection.3.1}% 16
\BOOKMARK [2][-]{subsection.3.2}{\376\377\000S\000t\000a\000g\000e\000\040\0002\000:\000\040\000T\000r\000a\000f\000f\000i\000c\000\040\000G\000r\000a\000p\000h\000\040\000a\000n\000d\000\040\000T\000A\000-\000S\000T\000G\000C\000N}{section.3}% 17
\BOOKMARK [3][-]{subsubsection.3.2.1}{\376\377\000G\000r\000a\000p\000h\000\040\000E\000d\000g\000e\000s\000\040\000a\000n\000d\000\040\000R\000B\000F\000\040\000A\000d\000j\000a\000c\000e\000n\000c\000y\000\040\000M\000a\000t\000r\000i\000x}{subsection.3.2}% 18
\BOOKMARK [3][-]{subsubsection.3.2.2}{\376\377\000H\000i\000s\000t\000o\000r\000i\000c\000a\000l\000\040\000F\000e\000a\000t\000u\000r\000e\000\040\000T\000e\000n\000s\000o\000r\000\040\000C\000o\000n\000s\000t\000r\000u\000c\000t\000i\000o\000n}{subsection.3.2}% 19
\BOOKMARK [2][-]{subsection.3.3}{\376\377\000E\000x\000p\000e\000r\000i\000m\000e\000n\000t\000a\000l\000\040\000S\000e\000t\000u\000p}{section.3}% 20
\BOOKMARK [3][-]{subsubsection.3.3.1}{\376\377\000D\000a\000t\000a\000s\000e\000t\000s\000\040\000a\000n\000d\000\040\000S\000t\000u\000d\000y\000\040\000A\000r\000e\000a}{subsection.3.3}% 21
\BOOKMARK [3][-]{subsubsection.3.3.2}{\376\377\000B\000a\000s\000e\000l\000i\000n\000e\000\040\000A\000r\000c\000h\000i\000t\000e\000c\000t\000u\000r\000e\000s\000\040\000a\000n\000d\000\040\000C\000o\000n\000f\000i\000g\000u\000r\000a\000t\000i\000o\000n}{subsection.3.3}% 22
\BOOKMARK [3][-]{subsubsection.3.3.3}{\376\377\000E\000v\000a\000l\000u\000a\000t\000e\000d\000\040\000B\000a\000s\000e\000l\000i\000n\000e\000\040\000A\000r\000c\000h\000i\000t\000e\000c\000t\000u\000r\000e\000s}{subsection.3.3}% 23
\BOOKMARK [3][-]{subsubsection.3.3.4}{\376\377\000T\000r\000a\000i\000n\000i\000n\000g\000\040\000H\000y\000p\000e\000r\000p\000a\000r\000a\000m\000e\000t\000e\000r\000s}{subsection.3.3}% 24
\BOOKMARK [3][-]{subsubsection.3.3.5}{\376\377\000E\000v\000a\000l\000u\000a\000t\000i\000o\000n\000\040\000M\000e\000t\000r\000i\000c\000s}{subsection.3.3}% 25
\BOOKMARK [1][-]{section.4}{\376\377\000E\000x\000p\000e\000r\000i\000m\000e\000n\000t\000s\000\040\000a\000n\000d\000\040\000R\000e\000s\000u\000l\000t\000s}{}% 26
\BOOKMARK [2][-]{subsection.4.1}{\376\377\000S\000t\000a\000g\000e\000\040\0001\000\040\000R\000e\000s\000u\000l\000t\000s}{section.4}% 27
\BOOKMARK [3][-]{subsubsection.4.1.1}{\376\377\000D\000e\000n\000s\000i\000t\000y\000-\000S\000t\000r\000a\000t\000i\000f\000i\000e\000d\000\040\000P\000e\000r\000c\000e\000p\000t\000i\000o\000n\000\040\000A\000c\000c\000u\000r\000a\000c\000y}{subsection.4.1}% 28
\BOOKMARK [2][-]{subsection.4.2}{\376\377\000S\000t\000a\000g\000e\000\040\0002\000\040\000R\000e\000s\000u\000l\000t\000s}{section.4}% 29
\BOOKMARK [2][-]{subsection.4.3}{\376\377\000E\000r\000r\000o\000r\000\040\000P\000r\000o\000p\000a\000g\000a\000t\000i\000o\000n\000\040\000b\000y\000\040\000T\000r\000a\000f\000f\000i\000c\000\040\000D\000e\000n\000s\000i\000t\000y}{section.4}% 30
\BOOKMARK [2][-]{subsection.4.4}{\376\377\000V\000a\000r\000i\000a\000n\000c\000e\000\040\000a\000n\000d\000\040\000S\000t\000a\000t\000i\000s\000t\000i\000c\000a\000l\000\040\000S\000i\000g\000n\000i\000f\000i\000c\000a\000n\000c\000e\000\040\000A\000n\000a\000l\000y\000s\000i\000s}{section.4}% 31
\BOOKMARK [2][-]{subsection.4.5}{\376\377\000T\000e\000m\000p\000o\000r\000a\000l\000\040\000A\000t\000t\000e\000n\000t\000i\000o\000n\000\040\000I\000n\000t\000e\000r\000p\000r\000e\000t\000a\000b\000i\000l\000i\000t\000y\000\040\000A\000n\000a\000l\000y\000s\000i\000s}{section.4}% 32
\BOOKMARK [2][-]{subsection.4.6}{\376\377\000A\000b\000l\000a\000t\000i\000o\000n\000\040\000S\000t\000u\000d\000y}{section.4}% 33
\BOOKMARK [2][-]{subsection.4.7}{\376\377\000R\000o\000b\000u\000s\000t\000n\000e\000s\000s\000\040\000A\000n\000a\000l\000y\000s\000i\000s}{section.4}% 34
\BOOKMARK [1][-]{section.5}{\376\377\000D\000i\000s\000c\000u\000s\000s\000i\000o\000n}{}% 35
\BOOKMARK [2][-]{subsection.5.1}{\376\377\000E\000n\000v\000i\000s\000i\000o\000n\000e\000d\000\040\000E\000d\000g\000e\000-\000C\000l\000o\000u\000d\000\040\000A\000r\000c\000h\000i\000t\000e\000c\000t\000u\000r\000e\000\040\000\050\000F\000u\000t\000u\000r\000e\000\040\000W\000o\000r\000k\000\051}{section.5}% 36
\BOOKMARK [2][-]{subsection.5.2}{\376\377\000P\000a\000r\000a\000m\000e\000t\000e\000r\000\040\000E\000c\000o\000n\000o\000m\000y\000\040\000v\000s\000.\000\040\000G\000P\000U\000\040\000A\000c\000t\000i\000v\000a\000t\000i\000o\000n\000\040\000M\000e\000m\000o\000r\000y}{section.5}% 37
\BOOKMARK [2][-]{subsection.5.3}{\376\377\000F\000a\000i\000r\000n\000e\000s\000s\000\040\000o\000f\000\040\000t\000h\000e\000\040\000B\000a\000s\000e\000l\000i\000n\000e\000\040\000C\000o\000m\000p\000a\000r\000i\000s\000o\000n}{section.5}% 38
\BOOKMARK [2][-]{subsection.5.4}{\376\377\000L\000i\000m\000i\000t\000a\000t\000i\000o\000n\000s\000\040\000a\000n\000d\000\040\000F\000u\000t\000u\000r\000e\000\040\000W\000o\000r\000k}{section.5}% 39
\BOOKMARK [1][-]{section.6}{\376\377\000C\000o\000n\000c\000l\000u\000s\000i\000o\000n}{}% 40
\BOOKMARK [1][-]{section*.3}{\376\377\000R\000e\000f\000e\000r\000e\000n\000c\000e\000s}{}% 41
